
===========================================================================
 report_power
============================================================================
======================= nom_tt_025C_1v80 Corner ===================================

Group                    Internal    Switching      Leakage        Total
                            Power        Power        Power        Power (Watts)
------------------------------------------------------------------------
Sequential           2.224449e-04 3.153760e-05 1.036981e-09 2.539836e-04   4.8%
Combinational        2.831022e-03 2.184123e-03 2.326615e-09 5.015147e-03  95.2%
Clock                0.000000e+00 0.000000e+00 0.000000e+00 0.000000e+00   0.0%
Macro                0.000000e+00 0.000000e+00 0.000000e+00 0.000000e+00   0.0%
Pad                  0.000000e+00 0.000000e+00 0.000000e+00 0.000000e+00   0.0%
------------------------------------------------------------------------
Total                3.053467e-03 2.215659e-03 3.363593e-09 5.269129e-03 100.0%
                            58.0%        42.0%         0.0%

