Clock: clk
Sources: clk 
Generated: no
Virtual: no
Propagated: no
Period: 20.000000

===========================================================================
report_clock_properties
============================================================================
Clock                   Period          Waveform
----------------------------------------------------
clk                  20.000000    0.000000 10.000000

===========================================================================
report_clock_latency
============================================================================
Clock clk
rise -> rise
    min     max
0.000000 0.000000 source latency
0.363216         network latency _1068_/CLK
        0.363216 network latency _1068_/CLK
---------------
0.363216 0.363216 latency
        0.000000 skew

fall -> fall
    min     max
0.000000 0.000000 source latency
0.160917         network latency _1068_/CLK
        0.160917 network latency _1068_/CLK
---------------
0.160917 0.160917 latency
        0.000000 skew



===========================================================================
report_clock_min_period
============================================================================
clk period_min = 1.47 fmax = 682.39
