
===========================================================================
 report_power
============================================================================
======================= nom_ff_n40C_1v95 Corner ===================================

Group                    Internal    Switching      Leakage        Total
                            Power        Power        Power        Power (Watts)
------------------------------------------------------------------------
Sequential           2.426189e-04 4.482522e-05 1.621005e-09 2.874458e-04   6.8%
Combinational        2.132902e-03 1.792378e-03 5.554834e-09 3.925286e-03  93.2%
Clock                0.000000e+00 0.000000e+00 0.000000e+00 0.000000e+00   0.0%
Macro                0.000000e+00 0.000000e+00 0.000000e+00 0.000000e+00   0.0%
Pad                  0.000000e+00 0.000000e+00 0.000000e+00 0.000000e+00   0.0%
------------------------------------------------------------------------
Total                2.375520e-03 1.837205e-03 7.175837e-09 4.212731e-03 100.0%
                            56.4%        43.6%         0.0%

