Clock: clk
Sources: clk 
Generated: no
Virtual: no
Propagated: no
Period: 20.000000

===========================================================================
report_clock_properties
============================================================================
Clock                   Period          Waveform
----------------------------------------------------
clk                  20.000000    0.000000 10.000000

===========================================================================
report_clock_latency
============================================================================
Clock clk
rise -> rise
    min     max
0.000000 0.000000 source latency
0.792078         network latency _0966_/CLK
        0.792078 network latency _0966_/CLK
---------------
0.792078 0.792078 latency
        0.000000 skew

fall -> fall
    min     max
0.000000 0.000000 source latency
0.438983         network latency _0966_/CLK
        0.438983 network latency _0966_/CLK
---------------
0.438983 0.438983 latency
        0.000000 skew



===========================================================================
report_clock_min_period
============================================================================
clk period_min = 16.50 fmax = 60.61
