
===========================================================================
 report_power
============================================================================
======================= nom_ss_100C_1v60 Corner ===================================

Group                    Internal    Switching      Leakage        Total
                            Power        Power        Power        Power (Watts)
------------------------------------------------------------------------
Sequential           1.717549e-04 2.451161e-05 1.707557e-06 1.979740e-04   4.7%
Combinational        2.320912e-03 1.722740e-03 2.924729e-06 4.046577e-03  95.3%
Clock                0.000000e+00 0.000000e+00 0.000000e+00 0.000000e+00   0.0%
Macro                0.000000e+00 0.000000e+00 0.000000e+00 0.000000e+00   0.0%
Pad                  0.000000e+00 0.000000e+00 0.000000e+00 0.000000e+00   0.0%
------------------------------------------------------------------------
Total                2.492667e-03 1.747252e-03 4.632289e-06 4.244551e-03 100.0%
                            58.7%        41.2%         0.1%

