
===========================================================================
 report_power
============================================================================
======================= nom_ff_n40C_1v95 Corner ===================================

Group                    Internal    Switching      Leakage        Total
                            Power        Power        Power        Power (Watts)
------------------------------------------------------------------------
Sequential           2.612094e-04 3.778456e-05 1.869145e-09 2.989958e-04   4.9%
Combinational        3.206504e-03 2.568368e-03 6.053975e-09 5.774878e-03  95.1%
Clock                0.000000e+00 0.000000e+00 0.000000e+00 0.000000e+00   0.0%
Macro                0.000000e+00 0.000000e+00 0.000000e+00 0.000000e+00   0.0%
Pad                  0.000000e+00 0.000000e+00 0.000000e+00 0.000000e+00   0.0%
------------------------------------------------------------------------
Total                3.467711e-03 2.606152e-03 7.923119e-09 6.073871e-03 100.0%
                            57.1%        42.9%         0.0%

