
===========================================================================
 report_power
============================================================================
======================= nom_tt_025C_1v80 Corner ===================================

Group                    Internal    Switching      Leakage        Total
                            Power        Power        Power        Power (Watts)
------------------------------------------------------------------------
Sequential           2.067483e-04 3.695860e-05 9.123214e-10 2.437078e-04   6.7%
Combinational        1.888215e-03 1.523051e-03 2.340361e-09 3.411269e-03  93.3%
Clock                0.000000e+00 0.000000e+00 0.000000e+00 0.000000e+00   0.0%
Macro                0.000000e+00 0.000000e+00 0.000000e+00 0.000000e+00   0.0%
Pad                  0.000000e+00 0.000000e+00 0.000000e+00 0.000000e+00   0.0%
------------------------------------------------------------------------
Total                2.094964e-03 1.560011e-03 3.252681e-09 3.654979e-03 100.0%
                            57.3%        42.7%         0.0%

